# ELBREAD: Elaboration process.
# ELBREAD: Elaboration time 0.0 [s].
# ELBREAD: Elaboration process.
# ELBREAD: Elaboration time 0.0 [s].
# ELBREAD: Elaboration process.
# ELBREAD: Elaboration time 0.0 [s].
asim -O5 +access +r +m+test_dff test_dff driver
# ELBREAD: Elaboration process.
# ELBREAD: Elaboration time 0.0 [s].
# VSIM: Stack memory: 32MB
# VSIM: Retval memory: 32MB
# 
acom -O3 -e 100 -work desing1 -2002  $dsn/src/ejercicio1.vhd
# Compile Entity "DFF"
# Compile Architecture "flujodedatos" of Entity "DFF"
# Compile Entity "Test_DFF"
# Compile Architecture "Driver" of Entity "Test_DFF"
# Compile success 0 Errors 0 Warnings  Analysis time :  0.1 [s]
# ELBREAD: Elaboration process.
# ELBREAD: Elaboration time 0.0 [s].
# KERNEL: Main thread initiated.
# KERNEL: Kernel process initialization phase.
# ELAB2: Elaboration final pass...
# ELAB2: Create instances ...
# KERNEL: Time resolution set to 1ps.
# ELAB2: Create instances complete.
# SLP: Started
# SLP: Elaboration phase ...
# SLP: Elaboration phase ... skipped, nothing to simulate in SLP mode : 0.0 [s]
# SLP: Finished : 0.0 [s]
# ELAB2: Elaboration final pass complete - time: 0.1 [s].
# KERNEL: Warning: You are using the Active-HDL Student Edition. The performance of simulation is running at a reduced rate.
# KERNEL: Warning: Contact Aldec for available upgrade options - sales@aldec.com.
# KERNEL: Kernel process initialization done.
# Allocation: Simulator allocated 6426 kB (elbread=427 elab2=5859 kernel=139 sdf=0)
# KERNEL: ASDB file was created in location C:\Users\joaquin\Documents\GitHub\Ing-Computacion\2025\TDA\Active\practica2\desing1\src\wave.asdb
#  2:23 PM, Wednesday, September 17, 2025
#  Simulation has been initialized
# add wave -noreg {/Test_DFF/Preset}
# add wave -noreg {/Test_DFF/Clear}
# add wave -noreg {/Test_DFF/Clock}
# add wave -noreg {/Test_DFF/Data}
# add wave -noreg {/Test_DFF/Q}
# add wave -noreg {/Test_DFF/QBar}
# VSIM: 6 object(s) traced.
# Waveform file 'untitled.awc' connected to 'C:/Users/joaquin/Documents/GitHub/Ing-Computacion/2025/TDA/Active/practica2/desing1/src/wave.asdb'.
run
# KERNEL: Simulation has finished. There are no more test vectors to simulate.
endsim
# VSIM: Simulation has finished.
asim -O5 +access +r +m+test_dff test_dff driver
# ELBREAD: Elaboration process.
# ELBREAD: Elaboration time 0.0 [s].
# VSIM: Stack memory: 32MB
# VSIM: Retval memory: 32MB
# 
# KERNEL: Main thread initiated.
# KERNEL: Kernel process initialization phase.
# ELAB2: Elaboration final pass...
# ELAB2: Create instances ...
# KERNEL: Time resolution set to 1ps.
# ELAB2: Create instances complete.
# SLP: Started
# SLP: Elaboration phase ...
# SLP: Elaboration phase ... skipped, nothing to simulate in SLP mode : 0.0 [s]
# SLP: Finished : 0.0 [s]
# ELAB2: Elaboration final pass complete - time: 0.0 [s].
# KERNEL: Warning: You are using the Active-HDL Student Edition. The performance of simulation is running at a reduced rate.
# KERNEL: Warning: Contact Aldec for available upgrade options - sales@aldec.com.
# KERNEL: Kernel process initialization done.
# Allocation: Simulator allocated 6426 kB (elbread=427 elab2=5859 kernel=139 sdf=0)
# KERNEL: ASDB file was created in location C:\Users\joaquin\Documents\GitHub\Ing-Computacion\2025\TDA\Active\practica2\desing1\src\wave.asdb
#  2:24 PM, Wednesday, September 17, 2025
#  Simulation has been initialized
# Waveform file 'untitled.awc' connected to 'C:/Users/joaquin/Documents/GitHub/Ing-Computacion/2025/TDA/Active/practica2/desing1/src/wave.asdb'.
run
# KERNEL: Simulation has finished. There are no more test vectors to simulate.
