Active-HDL 15.0.261.9132 2025-09-17 14:24:30

Elaboration top modules:
Architecture                  Driver(Test_DFF)


-------------------------------------------------------------------------------------------
Entity   | Architecture | Library | Info | Compiler Version          | Compilation Options
-------------------------------------------------------------------------------------------
Test_DFF | Driver       | desing1 |      | 15.0.261.9132 (Windows64) | -O3
DFF      | flujodedatos | desing1 |      | 15.0.261.9132 (Windows64) | -O3
-------------------------------------------------------------------------------------------

-------------------------------------------------------------------------------------------
VHDL Package            | Library | Info | Compiler Version          | Compilation Options
-------------------------------------------------------------------------------------------
standard                | std     |      |                           | <unavailable>
TEXTIO                  | std     |      | 15.0.261.9132 (Windows64) |  -2019
std_logic_1164          | ieee    |      | 15.0.261.9132 (Windows64) |  -2008
-------------------------------------------------------------------------------------------

-------------------------------------------------------------------------------------------
Library                 | Comment
-------------------------------------------------------------------------------------------
desing1                 | None
ieee                    | Standard IEEE packages library
std                     | Standard VHDL library
-------------------------------------------------------------------------------------------


Simulation Options: asim -O5 +access +r +m+test_dff test_dff driver


The performance of simulation is reduced. Version Student Edition
